// Vitest Snapshot v1, https://vitest.dev/guide/snapshot.html

exports[`image-policy (T032/D-445) > snapshot da config de images 1`] = `
{
  "deviceSizes": [
    320,
    640,
    960,
    1280,
    1920,
  ],
  "formats": [
    "image/webp",
  ],
  "imageSizes": [
    64,
    128,
    256,
  ],
  "qualities": [
    75,
  ],
  "remotePatterns": [
    {
      "hostname": "image.tmdb.org",
      "protocol": "https",
    },
    {
      "hostname": "steamcdn-a.akamaihd.net",
      "protocol": "https",
    },
    {
      "hostname": "upload.wikimedia.org",
      "protocol": "https",
    },
    {
      "hostname": "cdn.akamai.steamstatic.com",
      "protocol": "https",
    },
    {
      "hostname": "images.igdb.com",
      "protocol": "https",
    },
    {
      "hostname": "covers.openlibrary.org",
      "protocol": "https",
    },
    {
      "hostname": "books.google.com",
      "protocol": "https",
    },
    {
      "hostname": "cdn.myanimelist.net",
      "protocol": "https",
    },
    {
      "hostname": "s4.anilist.co",
      "protocol": "https",
    },
    {
      "hostname": "comicvine.gamespot.com",
      "protocol": "https",
    },
    {
      "hostname": "static.comicvine.com",
      "protocol": "https",
    },
  ],
}
`;
