// Vitest Snapshot v1, https://vitest.dev/guide/snapshot.html

exports[`image-policy (T032/D-445) > snapshot da config de images 1`] = `
{
  "deviceSizes": [
    320,
    640,
    960,
    1280,
    1920,
  ],
  "formats": [
    "image/webp",
  ],
  "imageSizes": [
    64,
    128,
    256,
  ],
  "qualities": [
    75,
  ],
  "remotePatterns": [
    {
      "hostname": "image.tmdb.org",
      "protocol": "https",
    },
    {
      "hostname": "steamcdn-a.akamaihd.net",
      "protocol": "https",
    },
    {
      "hostname": "upload.wikimedia.org",
      "protocol": "https",
    },
    {
      "hostname": "cdn.akamai.steamstatic.com",
      "protocol": "https",
    },
    {
      "hostname": "images.igdb.com",
      "protocol": "https",
    },
    {
      "hostname": "covers.openlibrary.org",
      "protocol": "https",
    },
    {
      "hostname": "books.google.com",
      "protocol": "https",
    },
    {
      "hostname": "cdn.myanimelist.net",
      "protocol": "https",
    },
    {
      "hostname": "s4.anilist.co",
      "protocol": "https",
    },
    {
      "hostname": "comicvine.gamespot.com",
      "protocol": "https",
    },
    {
      "hostname": "static.comicvine.com",
      "protocol": "https",
    },
  ],
}
`;

exports[`remoteLadder (T036/D-447) > snapshot das ladders por fonte 1`] = `
[
  {
    "src": "https://image.tmdb.org/t/p/original/abc.jpg",
    "srcSet": "https://image.tmdb.org/t/p/w342/abc.jpg 342w, https://image.tmdb.org/t/p/w780/abc.jpg 780w",
  },
  {
    "src": "https://images.igdb.com/igdb/image/upload/t_cover_big_2x/abc.jpg",
    "srcSet": "https://images.igdb.com/igdb/image/upload/t_cover_small/abc.jpg 90w, https://images.igdb.com/igdb/image/upload/t_cover_big/abc.jpg 264w, https://images.igdb.com/igdb/image/upload/t_cover_big_2x/abc.jpg 528w",
  },
  {
    "src": "https://covers.openlibrary.org/b/id/123-L.jpg",
    "srcSet": "https://covers.openlibrary.org/b/id/123-S.jpg 128w, https://covers.openlibrary.org/b/id/123-M.jpg 256w, https://covers.openlibrary.org/b/id/123-L.jpg 512w",
  },
  {
    "src": "https://books.google.com/books/content?id=abc&img=1&zoom=1",
    "srcSet": "https://books.google.com/books/content?id=abc&img=1&zoom=0 128w, https://books.google.com/books/content?id=abc&img=1&zoom=1 512w",
  },
]
`;
